hpatch-1  | time=2026-07-31T06:46:16.783Z level=INFO msg=listening url=http://0.0.0.0:8082/v1/responses mode=hpatch
hpatch-1  | time=2026-07-31T06:46:23.082Z level=INFO msg="forwarding Responses request" request_id=1
hpatch-1  | time=2026-07-31T06:46:23.456Z level=INFO msg="forwarding Responses request" request_id=2
hpatch-1  | time=2026-07-31T06:46:29.946Z level=INFO msg="Responses request finished" request_id=1 session_id=019fb6ec-7fd4-7a81-b0f2-15d78b910de0 outcome=completed failure_phase="" response_started=true upstream_status_code=200 upstream_terminal_state=completed request_duration=6.868664258s upstream_execution_duration=6.864466795s usage_observed=true
hpatch-1  | time=2026-07-31T06:46:29.991Z level=INFO msg="forwarding Responses request" request_id=3
hpatch-1  | time=2026-07-31T06:46:32.317Z level=INFO msg="Responses request finished" request_id=2 session_id=019fb6ec-7f8f-7041-84ff-09a1d4ea1d7a outcome=completed failure_phase="" response_started=true upstream_status_code=200 upstream_terminal_state=completed request_duration=8.86380655s upstream_execution_duration=8.861070187s usage_observed=true
hpatch-1  | time=2026-07-31T06:46:32.369Z level=INFO msg="forwarding Responses request" request_id=4
hpatch-1  | time=2026-07-31T06:46:36.156Z level=INFO msg="Responses request finished" request_id=3 session_id=019fb6ec-7fd4-7a81-b0f2-15d78b910de0 outcome=completed failure_phase="" response_started=true upstream_status_code=200 upstream_terminal_state=completed request_duration=6.16695121s upstream_execution_duration=6.1645851s usage_observed=true
hpatch-1  | time=2026-07-31T06:46:36.235Z level=INFO msg="forwarding Responses request" request_id=5
hpatch-1  | time=2026-07-31T06:46:42.683Z level=INFO msg="Responses request finished" request_id=4 session_id=019fb6ec-7f8f-7041-84ff-09a1d4ea1d7a outcome=completed failure_phase="" response_started=true upstream_status_code=200 upstream_terminal_state=completed request_duration=10.316925875s upstream_execution_duration=10.314709021s usage_observed=true
hpatch-1  | time=2026-07-31T06:46:42.726Z level=INFO msg="forwarding Responses request" request_id=6
hpatch-1  | time=2026-07-31T06:46:45.102Z level=INFO msg="Responses request finished" request_id=5 session_id=019fb6ec-7fd4-7a81-b0f2-15d78b910de0 outcome=completed failure_phase="" response_started=true upstream_status_code=200 upstream_terminal_state=completed request_duration=8.870788905s upstream_execution_duration=8.867189109s usage_observed=true
hpatch-1  | time=2026-07-31T06:46:45.140Z level=INFO msg="forwarding Responses request" request_id=7
hpatch-1  | time=2026-07-31T06:46:50.632Z level=INFO msg="Responses request finished" request_id=6 session_id=019fb6ec-7f8f-7041-84ff-09a1d4ea1d7a outcome=completed failure_phase="" response_started=true upstream_status_code=200 upstream_terminal_state=completed request_duration=7.908184429s upstream_execution_duration=7.905672482s usage_observed=true
hpatch-1  | time=2026-07-31T06:46:50.669Z level=INFO msg="forwarding Responses request" request_id=8
hpatch-1  | time=2026-07-31T06:46:51.487Z level=INFO msg="Responses request finished" request_id=7 session_id=019fb6ec-7fd4-7a81-b0f2-15d78b910de0 outcome=completed failure_phase="" response_started=true upstream_status_code=200 upstream_terminal_state=completed request_duration=6.350485367s upstream_execution_duration=6.346827679s usage_observed=true
hpatch-1  | time=2026-07-31T06:46:51.582Z level=INFO msg="forwarding Responses request" request_id=9
hpatch-1  | time=2026-07-31T06:46:53.828Z level=INFO msg="Responses request finished" request_id=8 session_id=019fb6ec-7f8f-7041-84ff-09a1d4ea1d7a outcome=completed failure_phase="" response_started=true upstream_status_code=200 upstream_terminal_state=completed request_duration=3.16145404s upstream_execution_duration=3.158919162s usage_observed=true
hpatch-1  | time=2026-07-31T06:46:53.864Z level=INFO msg="forwarding Responses request" request_id=10
hpatch-1  | time=2026-07-31T06:47:02.855Z level=INFO msg="Responses request finished" request_id=10 session_id=019fb6ec-7f8f-7041-84ff-09a1d4ea1d7a outcome=completed failure_phase="" response_started=true upstream_status_code=200 upstream_terminal_state=completed request_duration=8.994334543s upstream_execution_duration=8.99049592s usage_observed=true
hpatch-1  | time=2026-07-31T06:47:02.897Z level=INFO msg="forwarding Responses request" request_id=11
hpatch-1  | time=2026-07-31T06:47:10.277Z level=INFO msg="Responses request finished" request_id=11 session_id=019fb6ec-7f8f-7041-84ff-09a1d4ea1d7a outcome=completed failure_phase="" response_started=true upstream_status_code=200 upstream_terminal_state=completed request_duration=7.383829459s upstream_execution_duration=7.380547832s usage_observed=true
hpatch-1  | time=2026-07-31T06:47:10.325Z level=INFO msg="forwarding Responses request" request_id=12
hpatch-1  | time=2026-07-31T06:47:15.187Z level=INFO msg="Responses request finished" request_id=9 session_id=019fb6ec-7fd4-7a81-b0f2-15d78b910de0 outcome=completed failure_phase="" response_started=true upstream_status_code=200 upstream_terminal_state=completed request_duration=23.607702249s upstream_execution_duration=23.604095232s usage_observed=true
hpatch-1  | time=2026-07-31T06:47:16.058Z level=INFO msg="forwarding Responses request" request_id=13
hpatch-1  | time=2026-07-31T06:47:22.548Z level=INFO msg="Responses request finished" request_id=12 session_id=019fb6ec-7f8f-7041-84ff-09a1d4ea1d7a outcome=completed failure_phase="" response_started=true upstream_status_code=200 upstream_terminal_state=completed request_duration=12.226641141s upstream_execution_duration=12.222588677s usage_observed=true
hpatch-1  | time=2026-07-31T06:47:24.166Z level=INFO msg="forwarding Responses request" request_id=14
hpatch-1  | time=2026-07-31T06:47:25.525Z level=INFO msg="Responses request finished" request_id=13 session_id=019fb6ec-7fd4-7a81-b0f2-15d78b910de0 outcome=completed failure_phase="" response_started=true upstream_status_code=200 upstream_terminal_state=completed request_duration=9.471019383s upstream_execution_duration=9.467057154s usage_observed=true
hpatch-1  | time=2026-07-31T06:47:28.408Z level=INFO msg="forwarding Responses request" request_id=15
hpatch-1  | time=2026-07-31T06:47:29.893Z level=INFO msg="Responses request finished" request_id=14 session_id=019fb6ec-7f8f-7041-84ff-09a1d4ea1d7a outcome=completed failure_phase="" response_started=true upstream_status_code=200 upstream_terminal_state=completed request_duration=5.731032824s upstream_execution_duration=5.726655326s usage_observed=true
hpatch-1  | time=2026-07-31T06:47:30.263Z level=INFO msg="forwarding Responses request" request_id=16
hpatch-1  | time=2026-07-31T06:47:36.340Z level=INFO msg="Responses request finished" request_id=16 session_id=019fb6ec-7f8f-7041-84ff-09a1d4ea1d7a outcome=completed failure_phase="" response_started=true upstream_status_code=200 upstream_terminal_state=completed request_duration=6.083091273s upstream_execution_duration=6.076506687s usage_observed=true
hpatch-1  | time=2026-07-31T06:47:37.768Z level=INFO msg="Responses request finished" request_id=15 session_id=019fb6ec-7fd4-7a81-b0f2-15d78b910de0 outcome=completed failure_phase="" response_started=true upstream_status_code=200 upstream_terminal_state=completed request_duration=9.365790274s upstream_execution_duration=9.359904819s usage_observed=true
hpatch-1  | time=2026-07-31T06:47:37.842Z level=INFO msg="forwarding Responses request" request_id=17
hpatch-1  | time=2026-07-31T06:47:38.669Z level=INFO msg="forwarding Responses request" request_id=18
hpatch-1  | time=2026-07-31T06:47:44.430Z level=INFO msg="Responses request finished" request_id=18 session_id=019fb6ec-7f8f-7041-84ff-09a1d4ea1d7a outcome=completed failure_phase="" response_started=true upstream_status_code=200 upstream_terminal_state=completed request_duration=5.765541223s upstream_execution_duration=5.76118628s usage_observed=true
hpatch-1  | time=2026-07-31T06:47:44.943Z level=INFO msg="forwarding Responses request" request_id=19
hpatch-1  | time=2026-07-31T06:47:45.657Z level=INFO msg="Responses request finished" request_id=17 session_id=019fb6ec-7fd4-7a81-b0f2-15d78b910de0 outcome=completed failure_phase="" response_started=true upstream_status_code=200 upstream_terminal_state=completed request_duration=7.820608774s upstream_execution_duration=7.81491686s usage_observed=true
hpatch-1  | time=2026-07-31T06:47:45.699Z level=INFO msg="forwarding Responses request" request_id=20
hpatch-1  | time=2026-07-31T06:47:48.131Z level=INFO msg="Responses request finished" request_id=19 session_id=019fb6ec-7f8f-7041-84ff-09a1d4ea1d7a outcome=completed failure_phase="" response_started=true upstream_status_code=200 upstream_terminal_state=completed request_duration=3.193448869s upstream_execution_duration=3.1876106s usage_observed=true
hpatch-1  | time=2026-07-31T06:47:48.216Z level=INFO msg="forwarding Responses request" request_id=21
hpatch-1  | time=2026-07-31T06:47:49.197Z level=INFO msg="Responses request finished" request_id=20 session_id=019fb6ec-7fd4-7a81-b0f2-15d78b910de0 outcome=completed failure_phase="" response_started=true upstream_status_code=200 upstream_terminal_state=completed request_duration=3.503884114s upstream_execution_duration=3.497786863s usage_observed=true
hpatch-1  | time=2026-07-31T06:47:49.247Z level=INFO msg="forwarding Responses request" request_id=22
hpatch-1  | time=2026-07-31T06:47:52.749Z level=INFO msg="Responses request finished" request_id=22 session_id=019fb6ec-7fd4-7a81-b0f2-15d78b910de0 outcome=completed failure_phase="" response_started=true upstream_status_code=200 upstream_terminal_state=completed request_duration=3.508148505s upstream_execution_duration=3.501829298s usage_observed=true
hpatch-1  | time=2026-07-31T06:47:53.065Z level=INFO msg="forwarding Responses request" request_id=23
hpatch-1  | time=2026-07-31T06:47:56.990Z level=INFO msg="Responses request finished" request_id=23 session_id=019fb6ec-7fd4-7a81-b0f2-15d78b910de0 outcome=completed failure_phase="" response_started=true upstream_status_code=200 upstream_terminal_state=completed request_duration=3.936781468s upstream_execution_duration=3.924640809s usage_observed=true
hpatch-1  | time=2026-07-31T06:47:57.036Z level=INFO msg="forwarding Responses request" request_id=24
hpatch-1  | time=2026-07-31T06:47:58.313Z level=INFO msg="Responses request finished" request_id=21 session_id=019fb6ec-7f8f-7041-84ff-09a1d4ea1d7a outcome=completed failure_phase="" response_started=true upstream_status_code=200 upstream_terminal_state=completed request_duration=10.105085815s upstream_execution_duration=10.097230807s usage_observed=true
hpatch-1  | time=2026-07-31T06:47:59.769Z level=INFO msg="Responses request finished" request_id=24 session_id=019fb6ec-7fd4-7a81-b0f2-15d78b910de0 outcome=completed failure_phase="" response_started=true upstream_status_code=200 upstream_terminal_state=completed request_duration=2.741295437s upstream_execution_duration=2.73370793s usage_observed=true
hpatch-1  | time=2026-07-31T06:47:59.809Z level=INFO msg="forwarding Responses request" request_id=25
hpatch-1  | time=2026-07-31T06:48:00.164Z level=INFO msg="forwarding Responses request" request_id=26
hpatch-1  | time=2026-07-31T06:48:03.946Z level=INFO msg="Responses request finished" request_id=25 session_id=019fb6ec-7fd4-7a81-b0f2-15d78b910de0 outcome=completed failure_phase="" response_started=true upstream_status_code=200 upstream_terminal_state=completed request_duration=4.142873064s upstream_execution_duration=4.136548805s usage_observed=true
hpatch-1  | time=2026-07-31T06:48:03.984Z level=INFO msg="forwarding Responses request" request_id=27
hpatch-1  | time=2026-07-31T06:48:06.871Z level=INFO msg="Responses request finished" request_id=27 session_id=019fb6ec-7fd4-7a81-b0f2-15d78b910de0 outcome=completed failure_phase="" response_started=true upstream_status_code=200 upstream_terminal_state=completed request_duration=2.893458897s upstream_execution_duration=2.886439435s usage_observed=true
hpatch-1  | time=2026-07-31T06:48:06.913Z level=INFO msg="forwarding Responses request" request_id=28
hpatch-1  | time=2026-07-31T06:48:08.752Z level=INFO msg="Responses request finished" request_id=26 session_id=019fb6ec-7f8f-7041-84ff-09a1d4ea1d7a outcome=completed failure_phase="" response_started=true upstream_status_code=200 upstream_terminal_state=completed request_duration=8.592891605s upstream_execution_duration=8.587974424s usage_observed=true
hpatch-1  | time=2026-07-31T06:48:08.794Z level=INFO msg="forwarding Responses request" request_id=29
hpatch-1  | time=2026-07-31T06:48:11.164Z level=INFO msg="Responses request finished" request_id=28 session_id=019fb6ec-7fd4-7a81-b0f2-15d78b910de0 outcome=completed failure_phase="" response_started=true upstream_status_code=200 upstream_terminal_state=completed request_duration=4.257254283s upstream_execution_duration=4.250013428s usage_observed=true
hpatch-1  | time=2026-07-31T06:48:11.204Z level=INFO msg="forwarding Responses request" request_id=30
hpatch-1  | time=2026-07-31T06:48:16.897Z level=INFO msg="Responses request finished" request_id=29 session_id=019fb6ec-7f8f-7041-84ff-09a1d4ea1d7a outcome=completed failure_phase="" response_started=true upstream_status_code=200 upstream_terminal_state=completed request_duration=8.108723333s upstream_execution_duration=8.103324523s usage_observed=true
hpatch-1  | time=2026-07-31T06:48:16.938Z level=INFO msg="forwarding Responses request" request_id=31
hpatch-1  | time=2026-07-31T06:48:20.670Z level=INFO msg="Responses request finished" request_id=31 session_id=019fb6ec-7f8f-7041-84ff-09a1d4ea1d7a outcome=completed failure_phase="" response_started=true upstream_status_code=200 upstream_terminal_state=completed request_duration=3.738202347s upstream_execution_duration=3.732550236s usage_observed=true
hpatch-1  | time=2026-07-31T06:48:20.716Z level=INFO msg="forwarding Responses request" request_id=32
hpatch-1  | time=2026-07-31T06:48:23.446Z level=INFO msg="Responses request finished" request_id=32 session_id=019fb6ec-7f8f-7041-84ff-09a1d4ea1d7a outcome=completed failure_phase="" response_started=true upstream_status_code=200 upstream_terminal_state=completed request_duration=2.735818201s upstream_execution_duration=2.730331804s usage_observed=true
hpatch-1  | time=2026-07-31T06:48:23.492Z level=INFO msg="forwarding Responses request" request_id=33
hpatch-1  | time=2026-07-31T06:48:32.987Z level=INFO msg="Responses request finished" request_id=33 session_id=019fb6ec-7f8f-7041-84ff-09a1d4ea1d7a outcome=completed failure_phase="" response_started=true upstream_status_code=200 upstream_terminal_state=completed request_duration=9.500905677s upstream_execution_duration=9.494957114s usage_observed=true
hpatch-1  | time=2026-07-31T06:48:33.061Z level=INFO msg="forwarding Responses request" request_id=34
hpatch-1  | time=2026-07-31T06:48:38.169Z level=INFO msg="Responses request finished" request_id=34 session_id=019fb6ec-7f8f-7041-84ff-09a1d4ea1d7a outcome=completed failure_phase="" response_started=true upstream_status_code=200 upstream_terminal_state=completed request_duration=5.114615406s upstream_execution_duration=5.108071963s usage_observed=true
hpatch-1  | time=2026-07-31T06:48:38.210Z level=INFO msg="forwarding Responses request" request_id=35
hpatch-1  | time=2026-07-31T06:48:42.835Z level=INFO msg="Responses request finished" request_id=35 session_id=019fb6ec-7f8f-7041-84ff-09a1d4ea1d7a outcome=completed failure_phase="" response_started=true upstream_status_code=200 upstream_terminal_state=completed request_duration=4.631809184s upstream_execution_duration=4.625313854s usage_observed=true
hpatch-1  | time=2026-07-31T06:48:42.876Z level=INFO msg="forwarding Responses request" request_id=36
hpatch-1  | time=2026-07-31T06:49:06.957Z level=INFO msg="Responses request finished" request_id=30 session_id=019fb6ec-7fd4-7a81-b0f2-15d78b910de0 outcome=completed failure_phase="" response_started=true upstream_status_code=200 upstream_terminal_state=completed request_duration=55.760694716s upstream_execution_duration=55.752810949s usage_observed=true
hpatch-1  | time=2026-07-31T06:49:07.007Z level=INFO msg="forwarding Responses request" request_id=37
hpatch-1  | time=2026-07-31T06:49:56.440Z level=INFO msg="Responses request finished" request_id=36 session_id=019fb6ec-7f8f-7041-84ff-09a1d4ea1d7a outcome=completed failure_phase="" response_started=true upstream_status_code=200 upstream_terminal_state=completed request_duration=1m13.570995985s upstream_execution_duration=1m13.564375546s usage_observed=true
hpatch-1  | time=2026-07-31T06:49:56.489Z level=INFO msg="forwarding Responses request" request_id=38
hpatch-1  | time=2026-07-31T06:50:01.923Z level=INFO msg="Responses request finished" request_id=37 session_id=019fb6ec-7fd4-7a81-b0f2-15d78b910de0 outcome=completed failure_phase="" response_started=true upstream_status_code=200 upstream_terminal_state=completed request_duration=54.92532503s upstream_execution_duration=54.9161774s usage_observed=true
hpatch-1  | time=2026-07-31T06:50:01.970Z level=INFO msg="forwarding Responses request" request_id=39
hpatch-1  | time=2026-07-31T06:50:03.841Z level=INFO msg="Responses request finished" request_id=38 session_id=019fb6ec-7f8f-7041-84ff-09a1d4ea1d7a outcome=completed failure_phase="" response_started=true upstream_status_code=200 upstream_terminal_state=completed request_duration=7.362329116s upstream_execution_duration=7.352399669s usage_observed=true
hpatch-1  | time=2026-07-31T06:50:03.947Z level=INFO msg="forwarding Responses request" request_id=40
hpatch-1  | time=2026-07-31T06:50:10.731Z level=INFO msg="Responses request finished" request_id=40 session_id=019fb6ec-7f8f-7041-84ff-09a1d4ea1d7a outcome=completed failure_phase="" response_started=true upstream_status_code=200 upstream_terminal_state=completed request_duration=6.791844946s upstream_execution_duration=6.78378513s usage_observed=true
hpatch-1  | time=2026-07-31T06:50:10.787Z level=INFO msg="forwarding Responses request" request_id=41
hpatch-1  | time=2026-07-31T06:50:18.729Z level=INFO msg="Responses request finished" request_id=41 session_id=019fb6ec-7f8f-7041-84ff-09a1d4ea1d7a outcome=completed failure_phase="" response_started=true upstream_status_code=200 upstream_terminal_state=completed request_duration=7.95368487s upstream_execution_duration=7.941947701s usage_observed=true
hpatch-1  | time=2026-07-31T06:50:18.779Z level=INFO msg="forwarding Responses request" request_id=42
hpatch-1  | time=2026-07-31T06:50:22.734Z level=INFO msg="Responses request finished" request_id=39 session_id=019fb6ec-7fd4-7a81-b0f2-15d78b910de0 outcome=completed failure_phase="" response_started=true upstream_status_code=200 upstream_terminal_state=completed request_duration=20.774110169s upstream_execution_duration=20.763995837s usage_observed=true
hpatch-1  | time=2026-07-31T06:50:22.780Z level=INFO msg="forwarding Responses request" request_id=43
hpatch-1  | time=2026-07-31T06:50:46.597Z level=INFO msg="Responses request finished" request_id=43 session_id=019fb6ec-7fd4-7a81-b0f2-15d78b910de0 outcome=completed failure_phase="" response_started=true upstream_status_code=200 upstream_terminal_state=completed request_duration=23.82479143s upstream_execution_duration=23.816691949s usage_observed=true
hpatch-1  | time=2026-07-31T06:50:46.647Z level=INFO msg="forwarding Responses request" request_id=44
hpatch-1  | time=2026-07-31T06:50:54.401Z level=INFO msg="Responses request finished" request_id=44 session_id=019fb6ec-7fd4-7a81-b0f2-15d78b910de0 outcome=completed failure_phase="" response_started=true upstream_status_code=200 upstream_terminal_state=completed request_duration=7.762846998s upstream_execution_duration=7.75423467s usage_observed=true
hpatch-1  | time=2026-07-31T06:50:55.587Z level=INFO msg="forwarding Responses request" request_id=45
hpatch-1  | time=2026-07-31T06:50:55.833Z level=INFO msg="Responses request finished" request_id=42 session_id=019fb6ec-7f8f-7041-84ff-09a1d4ea1d7a outcome=completed failure_phase="" response_started=true upstream_status_code=200 upstream_terminal_state=completed request_duration=37.063262665s upstream_execution_duration=37.05446548s usage_observed=true
hpatch-1  | time=2026-07-31T06:50:55.918Z level=INFO msg="forwarding Responses request" request_id=46
hpatch-1  | time=2026-07-31T06:50:59.064Z level=INFO msg="Responses request finished" request_id=45 session_id=019fb6ec-7fd4-7a81-b0f2-15d78b910de0 outcome=completed failure_phase="" response_started=true upstream_status_code=200 upstream_terminal_state=completed request_duration=3.486661227s upstream_execution_duration=3.477035119s usage_observed=true
hpatch-1  | time=2026-07-31T06:51:03.512Z level=INFO msg="Responses request finished" request_id=46 session_id=019fb6ec-7f8f-7041-84ff-09a1d4ea1d7a outcome=completed failure_phase="" response_started=true upstream_status_code=200 upstream_terminal_state=completed request_duration=7.607327667s upstream_execution_duration=7.593935764s usage_observed=true
hpatch-1  | time=2026-07-31T06:51:03.718Z level=INFO msg="forwarding Responses request" request_id=47
hpatch-1  | time=2026-07-31T06:51:04.387Z level=INFO msg="forwarding Responses request" request_id=48
hpatch-1  | time=2026-07-31T06:51:07.277Z level=INFO msg="Responses request finished" request_id=48 session_id=019fb6ec-7fd4-7a81-b0f2-15d78b910de0 outcome=completed failure_phase="" response_started=true upstream_status_code=200 upstream_terminal_state=completed request_duration=2.914606543s upstream_execution_duration=2.889970003s usage_observed=true
hpatch-1  | time=2026-07-31T06:51:09.012Z level=INFO msg="Responses request finished" request_id=47 session_id=019fb6ec-7f8f-7041-84ff-09a1d4ea1d7a outcome=completed failure_phase="" response_started=true upstream_status_code=200 upstream_terminal_state=completed request_duration=5.31068103s upstream_execution_duration=5.293664842s usage_observed=true
hpatch-1  | time=2026-07-31T06:51:09.097Z level=INFO msg="forwarding Responses request" request_id=49
hpatch-1  | time=2026-07-31T06:51:12.366Z level=INFO msg="forwarding Responses request" request_id=50
hpatch-1  | time=2026-07-31T06:51:15.904Z level=INFO msg="Responses request finished" request_id=50 session_id=019fb6ec-7fd4-7a81-b0f2-15d78b910de0 outcome=completed failure_phase="" response_started=true upstream_status_code=200 upstream_terminal_state=completed request_duration=3.553556156s upstream_execution_duration=3.53741289s usage_observed=true
hpatch-1  | time=2026-07-31T06:51:16.138Z level=INFO msg="Responses request finished" request_id=49 session_id=019fb6ec-7f8f-7041-84ff-09a1d4ea1d7a outcome=completed failure_phase="" response_started=true upstream_status_code=200 upstream_terminal_state=completed request_duration=7.050413083s upstream_execution_duration=7.040190319s usage_observed=true
hpatch-1  | time=2026-07-31T06:51:16.237Z level=INFO msg="forwarding Responses request" request_id=51
hpatch-1  | time=2026-07-31T06:51:20.980Z level=INFO msg="forwarding Responses request" request_id=52
hpatch-1  | time=2026-07-31T06:51:26.188Z level=INFO msg="Responses request finished" request_id=52 session_id=019fb6ec-7fd4-7a81-b0f2-15d78b910de0 outcome=completed failure_phase="" response_started=true upstream_status_code=200 upstream_terminal_state=completed request_duration=5.221178211s upstream_execution_duration=5.207949691s usage_observed=true
hpatch-1  | time=2026-07-31T06:51:26.983Z level=INFO msg="Responses request finished" request_id=51 session_id=019fb6ec-7f8f-7041-84ff-09a1d4ea1d7a outcome=completed failure_phase="" response_started=true upstream_status_code=200 upstream_terminal_state=completed request_duration=10.769532976s upstream_execution_duration=10.74585491s usage_observed=true
hpatch-1  | time=2026-07-31T06:51:28.128Z level=INFO msg="forwarding Responses request" request_id=53
hpatch-1  | time=2026-07-31T06:51:31.186Z level=INFO msg="forwarding Responses request" request_id=54
hpatch-1  | time=2026-07-31T06:51:31.529Z level=INFO msg="Responses request finished" request_id=53 session_id=019fb6ec-7f8f-7041-84ff-09a1d4ea1d7a outcome=completed failure_phase="" response_started=true upstream_status_code=200 upstream_terminal_state=completed request_duration=3.410969667s upstream_execution_duration=3.400775672s usage_observed=true
hpatch-1  | time=2026-07-31T06:51:35.149Z level=INFO msg="Responses request finished" request_id=54 session_id=019fb6ec-7fd4-7a81-b0f2-15d78b910de0 outcome=completed failure_phase="" response_started=true upstream_status_code=200 upstream_terminal_state=completed request_duration=3.972248426s upstream_execution_duration=3.963281618s usage_observed=true
hpatch-1  | time=2026-07-31T06:51:36.691Z level=INFO msg="forwarding Responses request" request_id=55
hpatch-1  | time=2026-07-31T06:51:36.730Z level=INFO msg="forwarding Responses request" request_id=56
hpatch-1  | time=2026-07-31T06:51:42.116Z level=INFO msg="Responses request finished" request_id=55 session_id=019fb6ec-7f8f-7041-84ff-09a1d4ea1d7a outcome=completed failure_phase="" response_started=true upstream_status_code=200 upstream_terminal_state=completed request_duration=5.44463057s upstream_execution_duration=5.424512828s usage_observed=true
hpatch-1  | time=2026-07-31T06:51:44.508Z level=INFO msg="Responses request finished" request_id=56 session_id=019fb6ec-7fd4-7a81-b0f2-15d78b910de0 outcome=completed failure_phase="" response_started=true upstream_status_code=200 upstream_terminal_state=completed request_duration=7.796627282s upstream_execution_duration=7.778381897s usage_observed=true
hpatch-1  | time=2026-07-31T06:51:44.761Z level=INFO msg="forwarding Responses request" request_id=57
hpatch-1  | time=2026-07-31T06:51:47.232Z level=INFO msg="forwarding Responses request" request_id=58
hpatch-1  | time=2026-07-31T06:51:53.855Z level=INFO msg="Responses request finished" request_id=57 session_id=019fb6ec-7fd4-7a81-b0f2-15d78b910de0 outcome=completed failure_phase="" response_started=true upstream_status_code=200 upstream_terminal_state=completed request_duration=9.13709184s upstream_execution_duration=9.094214939s usage_observed=true
hpatch-1  | time=2026-07-31T06:51:53.940Z level=INFO msg="forwarding Responses request" request_id=59
hpatch-1  | time=2026-07-31T06:51:54.289Z level=INFO msg="Responses request finished" request_id=58 session_id=019fb6ec-7f8f-7041-84ff-09a1d4ea1d7a outcome=completed failure_phase="" response_started=true upstream_status_code=200 upstream_terminal_state=completed request_duration=7.067655352s upstream_execution_duration=7.057342378s usage_observed=true
hpatch-1  | time=2026-07-31T06:51:55.087Z level=INFO msg="forwarding Responses request" request_id=60
hpatch-1  | time=2026-07-31T06:51:56.697Z level=INFO msg="Responses request finished" request_id=59 session_id=019fb6ec-7fd4-7a81-b0f2-15d78b910de0 outcome=completed failure_phase="" response_started=true upstream_status_code=200 upstream_terminal_state=completed request_duration=2.787958854s upstream_execution_duration=2.756572501s usage_observed=true
hpatch-1  | time=2026-07-31T06:51:56.802Z level=INFO msg="forwarding Responses request" request_id=61
hpatch-1  | time=2026-07-31T06:52:00.473Z level=INFO msg="forwarding Responses request" request_id=62
hpatch-1  | time=2026-07-31T06:52:02.659Z level=INFO msg="Responses request finished" request_id=61 session_id=019fb6ec-7fd4-7a81-b0f2-15d78b910de0 outcome=completed failure_phase="" response_started=true upstream_status_code=200 upstream_terminal_state=completed request_duration=5.869814728s upstream_execution_duration=5.85693052s usage_observed=true
hpatch-1  | time=2026-07-31T06:52:02.705Z level=INFO msg="forwarding Responses request" request_id=63
hpatch-1  | time=2026-07-31T06:52:07.250Z level=INFO msg="Responses request finished" request_id=60 session_id=019fb6ec-7f8f-7041-84ff-09a1d4ea1d7a outcome=completed failure_phase="" response_started=true upstream_status_code=200 upstream_terminal_state=completed request_duration=12.174219615s upstream_execution_duration=12.162805553s usage_observed=true
hpatch-1  | time=2026-07-31T06:52:09.687Z level=INFO msg="Responses request finished" request_id=62 session_id=019fb6f1-a495-7a80-b6f9-8bbb2ae174da outcome=completed failure_phase="" response_started=true upstream_status_code=200 upstream_terminal_state=completed request_duration=9.216202957s upstream_execution_duration=9.214179339s usage_observed=true
hpatch-1  | time=2026-07-31T06:52:10.017Z level=INFO msg="forwarding Responses request" request_id=64
hpatch-1  | time=2026-07-31T06:52:10.960Z level=INFO msg="forwarding Responses request" request_id=65
hpatch-1  | time=2026-07-31T06:52:12.833Z level=INFO msg="Responses request finished" request_id=63 session_id=019fb6ec-7fd4-7a81-b0f2-15d78b910de0 outcome=completed failure_phase="" response_started=true upstream_status_code=200 upstream_terminal_state=completed request_duration=10.136522879s upstream_execution_duration=10.127335793s usage_observed=true
hpatch-1  | time=2026-07-31T06:52:12.922Z level=INFO msg="forwarding Responses request" request_id=66
hpatch-1  | time=2026-07-31T06:52:16.797Z level=INFO msg="Responses request finished" request_id=65 session_id=019fb6ec-7f8f-7041-84ff-09a1d4ea1d7a outcome=completed failure_phase="" response_started=true upstream_status_code=200 upstream_terminal_state=completed request_duration=5.878116434s upstream_execution_duration=5.836598534s usage_observed=true
hpatch-1  | time=2026-07-31T06:52:17.030Z level=INFO msg="forwarding Responses request" request_id=67
hpatch-1  | time=2026-07-31T06:52:18.350Z level=INFO msg="Responses request finished" request_id=64 session_id=019fb6f1-a495-7a80-b6f9-8bbb2ae174da outcome=completed failure_phase="" response_started=true upstream_status_code=200 upstream_terminal_state=completed request_duration=8.335512664s upstream_execution_duration=8.332851648s usage_observed=true
hpatch-1  | time=2026-07-31T06:52:18.389Z level=INFO msg="forwarding Responses request" request_id=68
hpatch-1  | time=2026-07-31T06:52:24.718Z level=INFO msg="forwarding Responses request" request_id=69
hpatch-1  | time=2026-07-31T06:52:25.313Z level=INFO msg="Responses request finished" request_id=68 session_id=019fb6f1-a495-7a80-b6f9-8bbb2ae174da outcome=completed failure_phase="" response_started=true upstream_status_code=200 upstream_terminal_state=completed request_duration=6.926342692s upstream_execution_duration=6.924041151s usage_observed=true
hpatch-1  | time=2026-07-31T06:52:25.351Z level=INFO msg="forwarding Responses request" request_id=70
hpatch-1  | time=2026-07-31T06:52:29.100Z level=INFO msg="Responses request finished" request_id=70 session_id=019fb6f1-a495-7a80-b6f9-8bbb2ae174da outcome=completed failure_phase="" response_started=true upstream_status_code=200 upstream_terminal_state=completed request_duration=3.752015496s upstream_execution_duration=3.748636675s usage_observed=true
hpatch-1  | time=2026-07-31T06:52:29.135Z level=INFO msg="forwarding Responses request" request_id=71
hpatch-1  | time=2026-07-31T06:52:32.113Z level=INFO msg="Responses request finished" request_id=71 session_id=019fb6f1-a495-7a80-b6f9-8bbb2ae174da outcome=completed failure_phase="" response_started=true upstream_status_code=200 upstream_terminal_state=completed request_duration=2.9812146s upstream_execution_duration=2.977637165s usage_observed=true
hpatch-1  | time=2026-07-31T06:52:32.153Z level=INFO msg="forwarding Responses request" request_id=72
hpatch-1  | time=2026-07-31T06:52:33.697Z level=INFO msg="Responses request finished" request_id=66 session_id=019fb6ec-7fd4-7a81-b0f2-15d78b910de0 outcome=completed failure_phase="" response_started=true upstream_status_code=200 upstream_terminal_state=completed request_duration=20.786020823s upstream_execution_duration=20.775150311s usage_observed=true
hpatch-1  | time=2026-07-31T06:52:34.747Z level=INFO msg="Responses request finished" request_id=69 session_id=019fb6f2-0393-7c61-8085-f0d9d335eedf outcome=completed failure_phase="" response_started=true upstream_status_code=200 upstream_terminal_state=completed request_duration=10.031325565s upstream_execution_duration=10.02926828s usage_observed=true
hpatch-1  | time=2026-07-31T06:52:34.834Z level=INFO msg="forwarding Responses request" request_id=73
hpatch-1  | time=2026-07-31T06:52:34.921Z level=INFO msg="forwarding Responses request" request_id=74
hpatch-1  | time=2026-07-31T06:52:36.139Z level=INFO msg="Responses request finished" request_id=67 session_id=019fb6ec-7f8f-7041-84ff-09a1d4ea1d7a outcome=completed failure_phase="" response_started=true upstream_status_code=200 upstream_terminal_state=completed request_duration=19.137068518s upstream_execution_duration=19.108697847s usage_observed=true
hpatch-1  | time=2026-07-31T06:52:37.349Z level=INFO msg="forwarding Responses request" request_id=75
hpatch-1  | time=2026-07-31T06:52:40.355Z level=INFO msg="Responses request finished" request_id=75 session_id=019fb6ec-7f8f-7041-84ff-09a1d4ea1d7a outcome=completed failure_phase="" response_started=true upstream_status_code=200 upstream_terminal_state=completed request_duration=3.020504257s upstream_execution_duration=3.006193661s usage_observed=true
hpatch-1  | time=2026-07-31T06:52:41.226Z level=INFO msg="Responses request finished" request_id=72 session_id=019fb6f1-a495-7a80-b6f9-8bbb2ae174da outcome=completed failure_phase="" response_started=true upstream_status_code=200 upstream_terminal_state=completed request_duration=9.077112858s upstream_execution_duration=9.072958426s usage_observed=true
hpatch-1  | time=2026-07-31T06:52:41.271Z level=INFO msg="forwarding Responses request" request_id=76
hpatch-1  | time=2026-07-31T06:52:41.319Z level=INFO msg="Responses request finished" request_id=74 session_id=019fb6ec-7fd4-7a81-b0f2-15d78b910de0 outcome=completed failure_phase="" response_started=true upstream_status_code=200 upstream_terminal_state=completed request_duration=6.412586726s upstream_execution_duration=6.398010614s usage_observed=true
hpatch-1  | time=2026-07-31T06:52:41.367Z level=INFO msg="forwarding Responses request" request_id=77
hpatch-1  | time=2026-07-31T06:52:41.398Z level=INFO msg="Responses request finished" request_id=73 session_id=019fb6f2-0393-7c61-8085-f0d9d335eedf outcome=completed failure_phase="" response_started=true upstream_status_code=200 upstream_terminal_state=completed request_duration=6.567352164s upstream_execution_duration=6.564872852s usage_observed=true
hpatch-1  | time=2026-07-31T06:52:41.475Z level=INFO msg="forwarding Responses request" request_id=78
hpatch-1  | time=2026-07-31T06:52:45.285Z level=INFO msg="forwarding Responses request" request_id=79
hpatch-1  | time=2026-07-31T06:52:46.351Z level=INFO msg="Responses request finished" request_id=78 session_id=019fb6f2-0393-7c61-8085-f0d9d335eedf outcome=completed failure_phase="" response_started=true upstream_status_code=200 upstream_terminal_state=completed request_duration=4.879395991s upstream_execution_duration=4.875461462s usage_observed=true
hpatch-1  | time=2026-07-31T06:52:46.396Z level=INFO msg="forwarding Responses request" request_id=80
hpatch-1  | time=2026-07-31T06:52:48.283Z level=INFO msg="Responses request finished" request_id=76 session_id=019fb6f1-a495-7a80-b6f9-8bbb2ae174da outcome=completed failure_phase="" response_started=true upstream_status_code=200 upstream_terminal_state=completed request_duration=7.016313136s upstream_execution_duration=7.012107605s usage_observed=true
hpatch-1  | time=2026-07-31T06:52:48.361Z level=INFO msg="forwarding Responses request" request_id=81
hpatch-1  | time=2026-07-31T06:52:51.202Z level=INFO msg="Responses request finished" request_id=79 session_id=019fb6ec-7f8f-7041-84ff-09a1d4ea1d7a outcome=completed failure_phase="" response_started=true upstream_status_code=200 upstream_terminal_state=completed request_duration=5.926926861s upstream_execution_duration=5.917288167s usage_observed=true
hpatch-1  | time=2026-07-31T06:52:51.251Z level=INFO msg="forwarding Responses request" request_id=82
hpatch-1  | time=2026-07-31T06:52:52.801Z level=INFO msg="Responses request finished" request_id=80 session_id=019fb6f2-0393-7c61-8085-f0d9d335eedf outcome=completed failure_phase="" response_started=true upstream_status_code=200 upstream_terminal_state=completed request_duration=6.408395251s upstream_execution_duration=6.405232452s usage_observed=true
hpatch-1  | time=2026-07-31T06:52:52.875Z level=INFO msg="forwarding Responses request" request_id=83
hpatch-1  | time=2026-07-31T06:52:54.513Z level=INFO msg="Responses request finished" request_id=77 session_id=019fb6ec-7fd4-7a81-b0f2-15d78b910de0 outcome=completed failure_phase="" response_started=true upstream_status_code=200 upstream_terminal_state=completed request_duration=13.157332021s upstream_execution_duration=13.14594106s usage_observed=true
hpatch-1  | time=2026-07-31T06:52:57.943Z level=INFO msg="Responses request finished" request_id=81 session_id=019fb6f1-a495-7a80-b6f9-8bbb2ae174da outcome=completed failure_phase="" response_started=true upstream_status_code=200 upstream_terminal_state=completed request_duration=9.588736209s upstream_execution_duration=9.581334221s usage_observed=true
hpatch-1  | time=2026-07-31T06:52:58.239Z level=INFO msg="forwarding Responses request" request_id=84
hpatch-1  | time=2026-07-31T06:53:00.081Z level=INFO msg="Responses request finished" request_id=82 session_id=019fb6ec-7f8f-7041-84ff-09a1d4ea1d7a outcome=completed failure_phase="" response_started=true upstream_status_code=200 upstream_terminal_state=completed request_duration=8.83921411s upstream_execution_duration=8.828203992s usage_observed=true
hpatch-1  | time=2026-07-31T06:53:01.414Z level=INFO msg="forwarding Responses request" request_id=85
hpatch-1  | time=2026-07-31T06:53:02.955Z level=INFO msg="Responses request finished" request_id=83 session_id=019fb6f2-0393-7c61-8085-f0d9d335eedf outcome=completed failure_phase="" response_started=true upstream_status_code=200 upstream_terminal_state=completed request_duration=10.086013677s upstream_execution_duration=10.080587301s usage_observed=true
hpatch-1  | time=2026-07-31T06:53:03.355Z level=INFO msg="forwarding Responses request" request_id=86
hpatch-1  | time=2026-07-31T06:53:06.499Z level=INFO msg="Responses request finished" request_id=85 session_id=019fb6ec-7f8f-7041-84ff-09a1d4ea1d7a outcome=completed failure_phase="" response_started=true upstream_status_code=200 upstream_terminal_state=completed request_duration=5.100825143s upstream_execution_duration=5.084676924s usage_observed=true
hpatch-1  | time=2026-07-31T06:53:10.250Z level=INFO msg="forwarding Responses request" request_id=87
hpatch-1  | time=2026-07-31T06:53:11.347Z level=INFO msg="Responses request finished" request_id=86 session_id=019fb6f2-0393-7c61-8085-f0d9d335eedf outcome=completed failure_phase="" response_started=true upstream_status_code=200 upstream_terminal_state=completed request_duration=8.001165279s upstream_execution_duration=7.99078585s usage_observed=true
hpatch-1  | time=2026-07-31T06:53:11.411Z level=INFO msg="forwarding Responses request" request_id=88
hpatch-1  | time=2026-07-31T06:53:13.955Z level=INFO msg="Responses request finished" request_id=84 session_id=019fb6f1-a495-7a80-b6f9-8bbb2ae174da outcome=completed failure_phase="" response_started=true upstream_status_code=200 upstream_terminal_state=completed request_duration=15.720786508s upstream_execution_duration=15.715440434s usage_observed=true
hpatch-1  | time=2026-07-31T06:53:14.163Z level=INFO msg="forwarding Responses request" request_id=89
hpatch-1  | time=2026-07-31T06:53:15.655Z level=INFO msg="Responses request finished" request_id=87 session_id=019fb6ec-7f8f-7041-84ff-09a1d4ea1d7a outcome=completed failure_phase="" response_started=true upstream_status_code=200 upstream_terminal_state=completed request_duration=5.41353923s upstream_execution_duration=5.404175574s usage_observed=true
hpatch-1  | time=2026-07-31T06:53:15.795Z level=INFO msg="forwarding Responses request" request_id=90
hpatch-1  | time=2026-07-31T06:53:19.667Z level=INFO msg="Responses request finished" request_id=88 session_id=019fb6f2-0393-7c61-8085-f0d9d335eedf outcome=completed failure_phase="" response_started=true upstream_status_code=200 upstream_terminal_state=completed request_duration=8.26112728s upstream_execution_duration=8.25607693s usage_observed=true
hpatch-1  | time=2026-07-31T06:53:19.733Z level=INFO msg="forwarding Responses request" request_id=91
hpatch-1  | time=2026-07-31T06:53:21.937Z level=INFO msg="Responses request finished" request_id=89 session_id=019fb6f1-a495-7a80-b6f9-8bbb2ae174da outcome=completed failure_phase="" response_started=true upstream_status_code=200 upstream_terminal_state=completed request_duration=7.779657539s upstream_execution_duration=7.773484732s usage_observed=true
hpatch-1  | time=2026-07-31T06:53:22.204Z level=INFO msg="Responses request finished" request_id=90 session_id=019fb6ec-7f8f-7041-84ff-09a1d4ea1d7a outcome=completed failure_phase="" response_started=true upstream_status_code=200 upstream_terminal_state=completed request_duration=6.421798479s upstream_execution_duration=6.408820022s usage_observed=true
hpatch-1  | time=2026-07-31T06:53:22.422Z level=INFO msg="forwarding Responses request" request_id=92
hpatch-1  | time=2026-07-31T06:53:28.313Z level=INFO msg="Responses request finished" request_id=91 session_id=019fb6f2-0393-7c61-8085-f0d9d335eedf outcome=completed failure_phase="" response_started=true upstream_status_code=200 upstream_terminal_state=completed request_duration=8.585860616s upstream_execution_duration=8.579856738s usage_observed=true
hpatch-1  | time=2026-07-31T06:53:29.029Z level=INFO msg="forwarding Responses request" request_id=93
hpatch-1  | time=2026-07-31T06:53:32.913Z level=INFO msg="Responses request finished" request_id=92 session_id=019fb6f1-a495-7a80-b6f9-8bbb2ae174da outcome=completed failure_phase="" response_started=true upstream_status_code=200 upstream_terminal_state=completed request_duration=10.500395872s upstream_execution_duration=10.491195366s usage_observed=true
hpatch-1  | time=2026-07-31T06:53:35.680Z level=INFO msg="forwarding Responses request" request_id=94
hpatch-1  | time=2026-07-31T06:53:40.171Z level=INFO msg="Responses request finished" request_id=93 session_id=019fb6f2-0393-7c61-8085-f0d9d335eedf outcome=completed failure_phase="" response_started=true upstream_status_code=200 upstream_terminal_state=completed request_duration=11.148354987s upstream_execution_duration=11.141925731s usage_observed=true
hpatch-1  | time=2026-07-31T06:53:41.202Z level=INFO msg="forwarding Responses request" request_id=95
hpatch-1  | time=2026-07-31T06:53:42.222Z level=INFO msg="Responses request finished" request_id=94 session_id=019fb6f1-a495-7a80-b6f9-8bbb2ae174da outcome=completed failure_phase="" response_started=true upstream_status_code=200 upstream_terminal_state=completed request_duration=6.550210884s upstream_execution_duration=6.54162586s usage_observed=true
hpatch-1  | time=2026-07-31T06:53:42.269Z level=INFO msg="forwarding Responses request" request_id=96
hpatch-1  | time=2026-07-31T06:53:45.736Z level=INFO msg="Responses request finished" request_id=96 session_id=019fb6f1-a495-7a80-b6f9-8bbb2ae174da outcome=completed failure_phase="" response_started=true upstream_status_code=200 upstream_terminal_state=completed request_duration=3.478890399s upstream_execution_duration=3.466817885s usage_observed=true
hpatch-1  | time=2026-07-31T06:53:45.791Z level=INFO msg="forwarding Responses request" request_id=97
hpatch-1  | time=2026-07-31T06:53:47.041Z level=INFO msg="Responses request finished" request_id=95 session_id=019fb6f2-0393-7c61-8085-f0d9d335eedf outcome=completed failure_phase="" response_started=true upstream_status_code=200 upstream_terminal_state=completed request_duration=5.844409761s upstream_execution_duration=5.839286908s usage_observed=true
hpatch-1  | time=2026-07-31T06:53:47.099Z level=INFO msg="forwarding Responses request" request_id=98
hpatch-1  | time=2026-07-31T06:53:51.803Z level=INFO msg="Responses request finished" request_id=97 session_id=019fb6f1-a495-7a80-b6f9-8bbb2ae174da outcome=completed failure_phase="" response_started=true upstream_status_code=200 upstream_terminal_state=completed request_duration=6.021203686s upstream_execution_duration=6.012310358s usage_observed=true
hpatch-1  | time=2026-07-31T06:53:51.856Z level=INFO msg="forwarding Responses request" request_id=99
hpatch-1  | time=2026-07-31T06:53:55.325Z level=INFO msg="Responses request finished" request_id=99 session_id=019fb6f1-a495-7a80-b6f9-8bbb2ae174da outcome=completed failure_phase="" response_started=true upstream_status_code=200 upstream_terminal_state=completed request_duration=3.486952972s upstream_execution_duration=3.469208543s usage_observed=true
hpatch-1  | time=2026-07-31T06:53:55.372Z level=INFO msg="forwarding Responses request" request_id=100
hpatch-1  | time=2026-07-31T06:53:57.640Z level=INFO msg="Responses request finished" request_id=100 session_id=019fb6f1-a495-7a80-b6f9-8bbb2ae174da outcome=completed failure_phase="" response_started=true upstream_status_code=200 upstream_terminal_state=completed request_duration=2.276629778s upstream_execution_duration=2.268474034s usage_observed=true
hpatch-1  | time=2026-07-31T06:53:57.688Z level=INFO msg="forwarding Responses request" request_id=101
hpatch-1  | time=2026-07-31T06:53:58.234Z level=INFO msg="Responses request finished" request_id=98 session_id=019fb6f2-0393-7c61-8085-f0d9d335eedf outcome=completed failure_phase="" response_started=true upstream_status_code=200 upstream_terminal_state=completed request_duration=11.138849708s upstream_execution_duration=11.134290638s usage_observed=true
hpatch-1  | time=2026-07-31T06:53:59.572Z level=INFO msg="forwarding Responses request" request_id=102
hpatch-1  | time=2026-07-31T06:54:10.411Z level=INFO msg="Responses request finished" request_id=102 session_id=019fb6f2-0393-7c61-8085-f0d9d335eedf outcome=completed failure_phase="" response_started=true upstream_status_code=200 upstream_terminal_state=completed request_duration=10.846191343s upstream_execution_duration=10.839691377s usage_observed=true
hpatch-1  | time=2026-07-31T06:54:11.952Z level=INFO msg="forwarding Responses request" request_id=103
hpatch-1  | time=2026-07-31T06:54:20.521Z level=INFO msg="Responses request finished" request_id=103 session_id=019fb6f2-0393-7c61-8085-f0d9d335eedf outcome=completed failure_phase="" response_started=true upstream_status_code=200 upstream_terminal_state=completed request_duration=8.573481141s upstream_execution_duration=8.568630415s usage_observed=true
hpatch-1  | time=2026-07-31T06:54:20.559Z level=INFO msg="forwarding Responses request" request_id=104
hpatch-1  | time=2026-07-31T06:54:24.390Z level=INFO msg="Responses request finished" request_id=104 session_id=019fb6f2-0393-7c61-8085-f0d9d335eedf outcome=completed failure_phase="" response_started=true upstream_status_code=200 upstream_terminal_state=completed request_duration=3.836451586s upstream_execution_duration=3.830649775s usage_observed=true
hpatch-1  | time=2026-07-31T06:54:24.432Z level=INFO msg="forwarding Responses request" request_id=105
hpatch-1  | time=2026-07-31T06:54:26.725Z level=INFO msg="Responses request finished" request_id=105 session_id=019fb6f2-0393-7c61-8085-f0d9d335eedf outcome=completed failure_phase="" response_started=true upstream_status_code=200 upstream_terminal_state=completed request_duration=2.299359267s upstream_execution_duration=2.293355472s usage_observed=true
hpatch-1  | time=2026-07-31T06:54:26.775Z level=INFO msg="forwarding Responses request" request_id=106
hpatch-1  | time=2026-07-31T06:54:30.013Z level=INFO msg="Responses request finished" request_id=106 session_id=019fb6f2-0393-7c61-8085-f0d9d335eedf outcome=completed failure_phase="" response_started=true upstream_status_code=200 upstream_terminal_state=completed request_duration=3.243534966s upstream_execution_duration=3.237440326s usage_observed=true
hpatch-1  | time=2026-07-31T06:54:30.064Z level=INFO msg="forwarding Responses request" request_id=107
hpatch-1  | time=2026-07-31T06:54:32.475Z level=INFO msg="Responses request finished" request_id=107 session_id=019fb6f2-0393-7c61-8085-f0d9d335eedf outcome=completed failure_phase="" response_started=true upstream_status_code=200 upstream_terminal_state=completed request_duration=2.417161218s upstream_execution_duration=2.410437104s usage_observed=true
hpatch-1  | time=2026-07-31T06:54:32.518Z level=INFO msg="forwarding Responses request" request_id=108
hpatch-1  | time=2026-07-31T06:54:36.852Z level=INFO msg="Responses request finished" request_id=108 session_id=019fb6f2-0393-7c61-8085-f0d9d335eedf outcome=completed failure_phase="" response_started=true upstream_status_code=200 upstream_terminal_state=completed request_duration=4.343834981s upstream_execution_duration=4.334265286s usage_observed=true
hpatch-1  | time=2026-07-31T06:54:36.896Z level=INFO msg="forwarding Responses request" request_id=109
hpatch-1  | time=2026-07-31T06:54:41.015Z level=INFO msg="Responses request finished" request_id=109 session_id=019fb6f2-0393-7c61-8085-f0d9d335eedf outcome=completed failure_phase="" response_started=true upstream_status_code=200 upstream_terminal_state=completed request_duration=4.126262622s upstream_execution_duration=4.11951054s usage_observed=true
hpatch-1  | time=2026-07-31T06:54:41.070Z level=INFO msg="forwarding Responses request" request_id=110
hpatch-1  | time=2026-07-31T06:54:44.568Z level=INFO msg="Responses request finished" request_id=110 session_id=019fb6f2-0393-7c61-8085-f0d9d335eedf outcome=completed failure_phase="" response_started=true upstream_status_code=200 upstream_terminal_state=completed request_duration=3.50497014s upstream_execution_duration=3.497679679s usage_observed=true
hpatch-1  | time=2026-07-31T06:54:44.613Z level=INFO msg="forwarding Responses request" request_id=111
hpatch-1  | time=2026-07-31T06:54:47.995Z level=INFO msg="Responses request finished" request_id=111 session_id=019fb6f2-0393-7c61-8085-f0d9d335eedf outcome=completed failure_phase="" response_started=true upstream_status_code=200 upstream_terminal_state=completed request_duration=3.38961167s upstream_execution_duration=3.382230233s usage_observed=true
hpatch-1  | time=2026-07-31T06:54:48.038Z level=INFO msg="forwarding Responses request" request_id=112
hpatch-1  | time=2026-07-31T06:54:51.995Z level=INFO msg="Responses request finished" request_id=112 session_id=019fb6f2-0393-7c61-8085-f0d9d335eedf outcome=completed failure_phase="" response_started=true upstream_status_code=200 upstream_terminal_state=completed request_duration=3.96463796s upstream_execution_duration=3.957258509s usage_observed=true
hpatch-1  | time=2026-07-31T06:54:52.037Z level=INFO msg="forwarding Responses request" request_id=113
hpatch-1  | time=2026-07-31T06:55:01.828Z level=INFO msg="Responses request finished" request_id=101 session_id=019fb6f1-a495-7a80-b6f9-8bbb2ae174da outcome=completed failure_phase="" response_started=true upstream_status_code=200 upstream_terminal_state=completed request_duration=1m4.148351288s upstream_execution_duration=1m4.140006867s usage_observed=true
hpatch-1  | time=2026-07-31T06:55:01.873Z level=INFO msg="forwarding Responses request" request_id=114
hpatch-1  | time=2026-07-31T06:55:28.711Z level=INFO msg="Responses request finished" request_id=114 session_id=019fb6f1-a495-7a80-b6f9-8bbb2ae174da outcome=completed failure_phase="" response_started=true upstream_status_code=200 upstream_terminal_state=completed request_duration=26.84654607s upstream_execution_duration=26.837891645s usage_observed=true
hpatch-1  | time=2026-07-31T06:55:28.756Z level=INFO msg="forwarding Responses request" request_id=115
hpatch-1  | time=2026-07-31T06:55:38.324Z level=INFO msg="Responses request finished" request_id=115 session_id=019fb6f1-a495-7a80-b6f9-8bbb2ae174da outcome=completed failure_phase="" response_started=true upstream_status_code=200 upstream_terminal_state=completed request_duration=9.576415754s upstream_execution_duration=9.567181048s usage_observed=true
hpatch-1  | time=2026-07-31T06:55:38.368Z level=INFO msg="forwarding Responses request" request_id=116
hpatch-1  | time=2026-07-31T06:55:50.960Z level=INFO msg="Responses request finished" request_id=116 session_id=019fb6f1-a495-7a80-b6f9-8bbb2ae174da outcome=completed failure_phase="" response_started=true upstream_status_code=200 upstream_terminal_state=completed request_duration=12.600760856s upstream_execution_duration=12.591621456s usage_observed=true
hpatch-1  | time=2026-07-31T06:55:51.008Z level=INFO msg="forwarding Responses request" request_id=117
hpatch-1  | time=2026-07-31T06:55:56.246Z level=INFO msg="Responses request finished" request_id=113 session_id=019fb6f2-0393-7c61-8085-f0d9d335eedf outcome=completed failure_phase="" response_started=true upstream_status_code=200 upstream_terminal_state=completed request_duration=1m4.216552251s upstream_execution_duration=1m4.209228919s usage_observed=true
hpatch-1  | time=2026-07-31T06:55:56.293Z level=INFO msg="forwarding Responses request" request_id=118
hpatch-1  | time=2026-07-31T06:56:01.513Z level=INFO msg="Responses request finished" request_id=117 session_id=019fb6f1-a495-7a80-b6f9-8bbb2ae174da outcome=completed failure_phase="" response_started=true upstream_status_code=200 upstream_terminal_state=completed request_duration=10.514265194s upstream_execution_duration=10.504458737s usage_observed=true
hpatch-1  | time=2026-07-31T06:56:02.707Z level=INFO msg="forwarding Responses request" request_id=119
hpatch-1  | time=2026-07-31T06:56:07.639Z level=INFO msg="Responses request finished" request_id=119 session_id=019fb6f1-a495-7a80-b6f9-8bbb2ae174da outcome=completed failure_phase="" response_started=true upstream_status_code=200 upstream_terminal_state=completed request_duration=4.941579532s upstream_execution_duration=4.931748717s usage_observed=true
hpatch-1  | time=2026-07-31T06:56:07.723Z level=INFO msg="Responses request finished" request_id=118 session_id=019fb6f2-0393-7c61-8085-f0d9d335eedf outcome=completed failure_phase="" response_started=true upstream_status_code=200 upstream_terminal_state=completed request_duration=11.437952117s upstream_execution_duration=11.42956263s usage_observed=true
hpatch-1  | time=2026-07-31T06:56:07.768Z level=INFO msg="forwarding Responses request" request_id=120
hpatch-1  | time=2026-07-31T06:56:12.598Z level=INFO msg="forwarding Responses request" request_id=121
hpatch-1  | time=2026-07-31T06:56:14.566Z level=INFO msg="Responses request finished" request_id=120 session_id=019fb6f2-0393-7c61-8085-f0d9d335eedf outcome=completed failure_phase="" response_started=true upstream_status_code=200 upstream_terminal_state=completed request_duration=6.807756738s upstream_execution_duration=6.798443114s usage_observed=true
hpatch-1  | time=2026-07-31T06:56:14.669Z level=INFO msg="forwarding Responses request" request_id=122
hpatch-1  | time=2026-07-31T06:56:17.390Z level=INFO msg="Responses request finished" request_id=121 session_id=019fb6f1-a495-7a80-b6f9-8bbb2ae174da outcome=completed failure_phase="" response_started=true upstream_status_code=200 upstream_terminal_state=completed request_duration=4.816600824s upstream_execution_duration=4.791166963s usage_observed=true
hpatch-1  | time=2026-07-31T06:56:22.538Z level=INFO msg="forwarding Responses request" request_id=123
hpatch-1  | time=2026-07-31T06:56:25.946Z level=INFO msg="Responses request finished" request_id=123 session_id=019fb6f1-a495-7a80-b6f9-8bbb2ae174da outcome=completed failure_phase="" response_started=true upstream_status_code=200 upstream_terminal_state=completed request_duration=3.640460607s upstream_execution_duration=3.40715899s usage_observed=true
hpatch-1  | time=2026-07-31T06:56:28.167Z level=INFO msg="Responses request finished" request_id=122 session_id=019fb6f2-0393-7c61-8085-f0d9d335eedf outcome=completed failure_phase="" response_started=true upstream_status_code=200 upstream_terminal_state=completed request_duration=13.515463177s upstream_execution_duration=13.498610395s usage_observed=true
hpatch-1  | time=2026-07-31T06:56:29.477Z level=INFO msg="forwarding Responses request" request_id=124
hpatch-1  | time=2026-07-31T06:56:30.941Z level=INFO msg="forwarding Responses request" request_id=125
hpatch-1  | time=2026-07-31T06:56:35.662Z level=INFO msg="Responses request finished" request_id=125 session_id=019fb6f1-a495-7a80-b6f9-8bbb2ae174da outcome=completed failure_phase="" response_started=true upstream_status_code=200 upstream_terminal_state=completed request_duration=4.731141892s upstream_execution_duration=4.721405236s usage_observed=true
hpatch-1  | time=2026-07-31T06:56:36.234Z level=INFO msg="Responses request finished" request_id=124 session_id=019fb6f2-0393-7c61-8085-f0d9d335eedf outcome=completed failure_phase="" response_started=true upstream_status_code=200 upstream_terminal_state=completed request_duration=6.780871412s upstream_execution_duration=6.757390353s usage_observed=true
hpatch-1  | time=2026-07-31T06:56:40.703Z level=INFO msg="forwarding Responses request" request_id=126
hpatch-1  | time=2026-07-31T06:56:41.373Z level=INFO msg="forwarding Responses request" request_id=127
hpatch-1  | time=2026-07-31T06:56:45.474Z level=INFO msg="Responses request finished" request_id=126 session_id=019fb6f1-a495-7a80-b6f9-8bbb2ae174da outcome=completed failure_phase="" response_started=true upstream_status_code=200 upstream_terminal_state=completed request_duration=4.784032695s upstream_execution_duration=4.770157845s usage_observed=true
hpatch-1  | time=2026-07-31T06:56:45.720Z level=INFO msg="forwarding Responses request" request_id=128
hpatch-1  | time=2026-07-31T06:56:51.517Z level=INFO msg="Responses request finished" request_id=128 session_id=019fb6f1-a495-7a80-b6f9-8bbb2ae174da outcome=completed failure_phase="" response_started=true upstream_status_code=200 upstream_terminal_state=completed request_duration=5.92139805s upstream_execution_duration=5.796936776s usage_observed=true
hpatch-1  | time=2026-07-31T06:56:51.561Z level=INFO msg="forwarding Responses request" request_id=129
hpatch-1  | time=2026-07-31T06:56:55.473Z level=INFO msg="Responses request finished" request_id=129 session_id=019fb6f1-a495-7a80-b6f9-8bbb2ae174da outcome=completed failure_phase="" response_started=true upstream_status_code=200 upstream_terminal_state=completed request_duration=3.922536343s upstream_execution_duration=3.912321449s usage_observed=true
hpatch-1  | time=2026-07-31T06:56:55.524Z level=INFO msg="forwarding Responses request" request_id=130
hpatch-1  | time=2026-07-31T06:57:01.507Z level=INFO msg="Responses request finished" request_id=130 session_id=019fb6f1-a495-7a80-b6f9-8bbb2ae174da outcome=completed failure_phase="" response_started=true upstream_status_code=200 upstream_terminal_state=completed request_duration=5.993560996s upstream_execution_duration=5.98327551s usage_observed=true
hpatch-1  | time=2026-07-31T06:57:02.800Z level=INFO msg="forwarding Responses request" request_id=131
hpatch-1  | time=2026-07-31T06:57:05.408Z level=INFO msg="Responses request finished" request_id=127 session_id=019fb6f2-0393-7c61-8085-f0d9d335eedf outcome=completed failure_phase="" response_started=true upstream_status_code=200 upstream_terminal_state=completed request_duration=24.045991929s upstream_execution_duration=24.035196158s usage_observed=true
hpatch-1  | time=2026-07-31T06:57:05.455Z level=INFO msg="forwarding Responses request" request_id=132
hpatch-1  | time=2026-07-31T06:57:06.877Z level=INFO msg="Responses request finished" request_id=131 session_id=019fb6f1-a495-7a80-b6f9-8bbb2ae174da outcome=completed failure_phase="" response_started=true upstream_status_code=200 upstream_terminal_state=completed request_duration=4.096265369s upstream_execution_duration=4.07602836s usage_observed=true
hpatch-1  | time=2026-07-31T06:57:11.017Z level=INFO msg="forwarding Responses request" request_id=133
hpatch-1  | time=2026-07-31T06:57:14.037Z level=INFO msg="Responses request finished" request_id=132 session_id=019fb6f2-0393-7c61-8085-f0d9d335eedf outcome=completed failure_phase="" response_started=true upstream_status_code=200 upstream_terminal_state=completed request_duration=8.590764546s upstream_execution_duration=8.581591557s usage_observed=true
hpatch-1  | time=2026-07-31T06:57:14.713Z level=INFO msg="forwarding Responses request" request_id=134
hpatch-1  | time=2026-07-31T06:57:20.311Z level=INFO msg="Responses request finished" request_id=134 session_id=019fb6f2-0393-7c61-8085-f0d9d335eedf outcome=completed failure_phase="" response_started=true upstream_status_code=200 upstream_terminal_state=completed request_duration=5.606820091s upstream_execution_duration=5.597870216s usage_observed=true
hpatch-1  | time=2026-07-31T06:57:22.202Z level=INFO msg="forwarding Responses request" request_id=135
hpatch-1  | time=2026-07-31T06:57:25.240Z level=INFO msg="Responses request finished" request_id=133 session_id=019fb6f1-a495-7a80-b6f9-8bbb2ae174da outcome=completed failure_phase="" response_started=true upstream_status_code=200 upstream_terminal_state=completed request_duration=14.236306826s upstream_execution_duration=14.223134142s usage_observed=true
hpatch-1  | time=2026-07-31T06:57:26.708Z level=INFO msg="forwarding Responses request" request_id=136
hpatch-1  | time=2026-07-31T06:57:35.104Z level=INFO msg="Responses request finished" request_id=135 session_id=019fb6f2-0393-7c61-8085-f0d9d335eedf outcome=completed failure_phase="" response_started=true upstream_status_code=200 upstream_terminal_state=completed request_duration=12.910887826s upstream_execution_duration=12.901212839s usage_observed=true
hpatch-1  | time=2026-07-31T06:57:35.179Z level=INFO msg="forwarding Responses request" request_id=137
hpatch-1  | time=2026-07-31T06:57:35.364Z level=INFO msg="Responses request finished" request_id=136 session_id=019fb6f1-a495-7a80-b6f9-8bbb2ae174da outcome=completed failure_phase="" response_started=true upstream_status_code=200 upstream_terminal_state=completed request_duration=8.6667584s upstream_execution_duration=8.656628091s usage_observed=true
hpatch-1  | time=2026-07-31T06:57:37.630Z level=INFO msg="forwarding Responses request" request_id=138
hpatch-1  | time=2026-07-31T06:57:43.803Z level=INFO msg="Responses request finished" request_id=137 session_id=019fb6f2-0393-7c61-8085-f0d9d335eedf outcome=completed failure_phase="" response_started=true upstream_status_code=200 upstream_terminal_state=completed request_duration=8.647828298s upstream_execution_duration=8.623372684s usage_observed=true
hpatch-1  | time=2026-07-31T06:57:43.849Z level=INFO msg="forwarding Responses request" request_id=139
hpatch-1  | time=2026-07-31T06:57:44.793Z level=INFO msg="Responses request finished" request_id=138 session_id=019fb6f1-a495-7a80-b6f9-8bbb2ae174da outcome=completed failure_phase="" response_started=true upstream_status_code=200 upstream_terminal_state=completed request_duration=7.172612381s upstream_execution_duration=7.162537344s usage_observed=true
hpatch-1  | time=2026-07-31T06:57:47.081Z level=INFO msg="forwarding Responses request" request_id=140
hpatch-1  | time=2026-07-31T06:57:51.993Z level=INFO msg="Responses request finished" request_id=139 session_id=019fb6f2-0393-7c61-8085-f0d9d335eedf outcome=completed failure_phase="" response_started=true upstream_status_code=200 upstream_terminal_state=completed request_duration=8.153317302s upstream_execution_duration=8.14324664s usage_observed=true
hpatch-1  | time=2026-07-31T06:57:52.040Z level=INFO msg="forwarding Responses request" request_id=141
hpatch-1  | time=2026-07-31T06:57:57.157Z level=INFO msg="Responses request finished" request_id=141 session_id=019fb6f2-0393-7c61-8085-f0d9d335eedf outcome=completed failure_phase="" response_started=true upstream_status_code=200 upstream_terminal_state=completed request_duration=5.127390536s upstream_execution_duration=5.117128898s usage_observed=true
hpatch-1  | time=2026-07-31T06:57:57.221Z level=INFO msg="forwarding Responses request" request_id=142
hpatch-1  | time=2026-07-31T06:57:59.038Z level=INFO msg="Responses request finished" request_id=140 session_id=019fb6f1-a495-7a80-b6f9-8bbb2ae174da outcome=completed failure_phase="" response_started=true upstream_status_code=200 upstream_terminal_state=completed request_duration=11.968198949s upstream_execution_duration=11.9577076s usage_observed=true
hpatch-1  | time=2026-07-31T06:57:59.321Z level=INFO msg="forwarding Responses request" request_id=143
hpatch-1  | time=2026-07-31T06:58:03.157Z level=INFO msg="Responses request finished" request_id=142 session_id=019fb6f2-0393-7c61-8085-f0d9d335eedf outcome=completed failure_phase="" response_started=true upstream_status_code=200 upstream_terminal_state=completed request_duration=5.946372893s upstream_execution_duration=5.93533145s usage_observed=true
hpatch-1  | time=2026-07-31T06:58:03.217Z level=INFO msg="forwarding Responses request" request_id=144
hpatch-1  | time=2026-07-31T06:58:09.038Z level=INFO msg="Responses request finished" request_id=144 session_id=019fb6f2-0393-7c61-8085-f0d9d335eedf outcome=completed failure_phase="" response_started=true upstream_status_code=200 upstream_terminal_state=completed request_duration=5.831066719s upstream_execution_duration=5.820966398s usage_observed=true
hpatch-1  | time=2026-07-31T06:58:09.082Z level=INFO msg="forwarding Responses request" request_id=145
hpatch-1  | time=2026-07-31T06:58:09.810Z level=INFO msg="Responses request finished" request_id=143 session_id=019fb6f1-a495-7a80-b6f9-8bbb2ae174da outcome=completed failure_phase="" response_started=true upstream_status_code=200 upstream_terminal_state=completed request_duration=10.509434529s upstream_execution_duration=10.488201228s usage_observed=true
hpatch-1  | time=2026-07-31T06:58:09.893Z level=INFO msg="forwarding Responses request" request_id=146
hpatch-1  | time=2026-07-31T06:58:12.961Z level=INFO msg="Responses request finished" request_id=145 session_id=019fb6f2-0393-7c61-8085-f0d9d335eedf outcome=completed failure_phase="" response_started=true upstream_status_code=200 upstream_terminal_state=completed request_duration=3.889234717s upstream_execution_duration=3.879023008s usage_observed=true
hpatch-1  | time=2026-07-31T06:58:13.006Z level=INFO msg="forwarding Responses request" request_id=147
hpatch-1  | time=2026-07-31T06:58:15.750Z level=INFO msg="Responses request finished" request_id=146 session_id=019fb6f1-a495-7a80-b6f9-8bbb2ae174da outcome=completed failure_phase="" response_started=true upstream_status_code=200 upstream_terminal_state=completed request_duration=5.868106548s upstream_execution_duration=5.857391325s usage_observed=true
hpatch-1  | time=2026-07-31T06:58:15.843Z level=INFO msg="forwarding Responses request" request_id=148
hpatch-1  | time=2026-07-31T06:58:19.320Z level=INFO msg="Responses request finished" request_id=147 session_id=019fb6f2-0393-7c61-8085-f0d9d335eedf outcome=completed failure_phase="" response_started=true upstream_status_code=200 upstream_terminal_state=completed request_duration=6.324538455s upstream_execution_duration=6.313873125s usage_observed=true
hpatch-1  | time=2026-07-31T06:58:19.391Z level=INFO msg="forwarding Responses request" request_id=149
hpatch-1  | time=2026-07-31T06:58:22.884Z level=INFO msg="Responses request finished" request_id=148 session_id=019fb6f1-a495-7a80-b6f9-8bbb2ae174da outcome=completed failure_phase="" response_started=true upstream_status_code=200 upstream_terminal_state=completed request_duration=7.052208093s upstream_execution_duration=7.040970522s usage_observed=true
hpatch-1  | time=2026-07-31T06:58:22.936Z level=INFO msg="forwarding Responses request" request_id=150
hpatch-1  | time=2026-07-31T06:58:34.253Z level=INFO msg="Responses request finished" request_id=149 session_id=019fb6f2-0393-7c61-8085-f0d9d335eedf outcome=completed failure_phase="" response_started=true upstream_status_code=200 upstream_terminal_state=completed request_duration=14.873630604s upstream_execution_duration=14.862408088s usage_observed=true
hpatch-1  | time=2026-07-31T06:58:34.330Z level=INFO msg="forwarding Responses request" request_id=151
hpatch-1  | time=2026-07-31T06:58:41.301Z level=INFO msg="Responses request finished" request_id=151 session_id=019fb6f2-0393-7c61-8085-f0d9d335eedf outcome=completed failure_phase="" response_started=true upstream_status_code=200 upstream_terminal_state=completed request_duration=6.985039926s upstream_execution_duration=6.971792959s usage_observed=true
hpatch-1  | time=2026-07-31T06:58:41.387Z level=INFO msg="Responses request finished" request_id=150 session_id=019fb6f1-a495-7a80-b6f9-8bbb2ae174da outcome=completed failure_phase="" response_started=true upstream_status_code=200 upstream_terminal_state=completed request_duration=18.464719566s upstream_execution_duration=18.451136095s usage_observed=true
hpatch-1  | time=2026-07-31T06:58:41.409Z level=INFO msg="forwarding Responses request" request_id=152
hpatch-1  | time=2026-07-31T06:58:41.442Z level=INFO msg="forwarding Responses request" request_id=153
hpatch-1  | time=2026-07-31T06:58:44.889Z level=INFO msg="Responses request finished" request_id=152 session_id=019fb6f2-0393-7c61-8085-f0d9d335eedf outcome=completed failure_phase="" response_started=true upstream_status_code=200 upstream_terminal_state=completed request_duration=3.490680902s upstream_execution_duration=3.479976626s usage_observed=true
hpatch-1  | time=2026-07-31T06:58:44.939Z level=INFO msg="forwarding Responses request" request_id=154
hpatch-1  | time=2026-07-31T06:58:46.742Z level=INFO msg="Responses request finished" request_id=153 session_id=019fb6f1-a495-7a80-b6f9-8bbb2ae174da outcome=completed failure_phase="" response_started=true upstream_status_code=200 upstream_terminal_state=completed request_duration=5.310953824s upstream_execution_duration=5.299769463s usage_observed=true
hpatch-1  | time=2026-07-31T06:58:46.797Z level=INFO msg="forwarding Responses request" request_id=155
hpatch-1  | time=2026-07-31T06:58:50.107Z level=INFO msg="Responses request finished" request_id=155 session_id=019fb6f1-a495-7a80-b6f9-8bbb2ae174da outcome=completed failure_phase="" response_started=true upstream_status_code=200 upstream_terminal_state=completed request_duration=3.32223773s upstream_execution_duration=3.310323607s usage_observed=true
hpatch-1  | time=2026-07-31T06:58:50.160Z level=INFO msg="forwarding Responses request" request_id=156
hpatch-1  | time=2026-07-31T06:58:51.857Z level=INFO msg="Responses request finished" request_id=154 session_id=019fb6f2-0393-7c61-8085-f0d9d335eedf outcome=completed failure_phase="" response_started=true upstream_status_code=200 upstream_terminal_state=completed request_duration=6.929504667s upstream_execution_duration=6.91855316s usage_observed=true
hpatch-1  | time=2026-07-31T06:58:51.909Z level=INFO msg="forwarding Responses request" request_id=157
hpatch-1  | time=2026-07-31T06:58:56.792Z level=INFO msg="Responses request finished" request_id=156 session_id=019fb6f1-a495-7a80-b6f9-8bbb2ae174da outcome=completed failure_phase="" response_started=true upstream_status_code=200 upstream_terminal_state=completed request_duration=6.643928268s upstream_execution_duration=6.632526886s usage_observed=true
hpatch-1  | time=2026-07-31T06:58:56.856Z level=INFO msg="forwarding Responses request" request_id=158
hpatch-1  | time=2026-07-31T06:59:04.865Z level=INFO msg="Responses request finished" request_id=157 session_id=019fb6f2-0393-7c61-8085-f0d9d335eedf outcome=completed failure_phase="" response_started=true upstream_status_code=200 upstream_terminal_state=completed request_duration=12.967419762s upstream_execution_duration=12.956283062s usage_observed=true
hpatch-1  | time=2026-07-31T06:59:06.093Z level=INFO msg="forwarding Responses request" request_id=159
hpatch-1  | time=2026-07-31T06:59:09.301Z level=INFO msg="Responses request finished" request_id=159 session_id=019fb6f2-0393-7c61-8085-f0d9d335eedf outcome=completed failure_phase="" response_started=true upstream_status_code=200 upstream_terminal_state=completed request_duration=3.222741661s upstream_execution_duration=3.207531889s usage_observed=true
hpatch-1  | time=2026-07-31T06:59:12.166Z level=INFO msg="Responses request finished" request_id=158 session_id=019fb6f1-a495-7a80-b6f9-8bbb2ae174da outcome=completed failure_phase="" response_started=true upstream_status_code=200 upstream_terminal_state=completed request_duration=15.321887408s upstream_execution_duration=15.308076399s usage_observed=true
hpatch-1  | time=2026-07-31T06:59:12.218Z level=INFO msg="forwarding Responses request" request_id=160
hpatch-1  | time=2026-07-31T06:59:14.344Z level=INFO msg="forwarding Responses request" request_id=161
hpatch-1  | time=2026-07-31T06:59:18.605Z level=INFO msg="Responses request finished" request_id=161 session_id=019fb6f2-0393-7c61-8085-f0d9d335eedf outcome=completed failure_phase="" response_started=true upstream_status_code=200 upstream_terminal_state=completed request_duration=4.271892674s upstream_execution_duration=4.2609792s usage_observed=true
hpatch-1  | time=2026-07-31T06:59:19.374Z level=INFO msg="Responses request finished" request_id=160 session_id=019fb6f1-a495-7a80-b6f9-8bbb2ae174da outcome=completed failure_phase="" response_started=true upstream_status_code=200 upstream_terminal_state=completed request_duration=7.168538298s upstream_execution_duration=7.156586741s usage_observed=true
hpatch-1  | time=2026-07-31T06:59:20.672Z level=INFO msg="forwarding Responses request" request_id=162
hpatch-1  | time=2026-07-31T06:59:22.293Z level=INFO msg="forwarding Responses request" request_id=163
hpatch-1  | time=2026-07-31T06:59:30.659Z level=INFO msg="Responses request finished" request_id=162 session_id=019fb6f1-a495-7a80-b6f9-8bbb2ae174da outcome=completed failure_phase="" response_started=true upstream_status_code=200 upstream_terminal_state=completed request_duration=10.004528515s upstream_execution_duration=9.987307086s usage_observed=true
hpatch-1  | time=2026-07-31T06:59:30.720Z level=INFO msg="forwarding Responses request" request_id=164
hpatch-1  | time=2026-07-31T06:59:35.200Z level=INFO msg="Responses request finished" request_id=164 session_id=019fb6f1-a495-7a80-b6f9-8bbb2ae174da outcome=completed failure_phase="" response_started=true upstream_status_code=200 upstream_terminal_state=completed request_duration=4.494222356s upstream_execution_duration=4.480130176s usage_observed=true
hpatch-1  | time=2026-07-31T06:59:35.271Z level=INFO msg="forwarding Responses request" request_id=165
hpatch-1  | time=2026-07-31T06:59:36.815Z level=INFO msg="Responses request finished" request_id=163 session_id=019fb6f2-0393-7c61-8085-f0d9d335eedf outcome=completed failure_phase="" response_started=true upstream_status_code=200 upstream_terminal_state=completed request_duration=14.533909495s upstream_execution_duration=14.522106393s usage_observed=true
hpatch-1  | time=2026-07-31T06:59:40.647Z level=INFO msg="Responses request finished" request_id=165 session_id=019fb6f1-a495-7a80-b6f9-8bbb2ae174da outcome=completed failure_phase="" response_started=true upstream_status_code=200 upstream_terminal_state=completed request_duration=5.401039503s upstream_execution_duration=5.376340151s usage_observed=true
hpatch-1  | time=2026-07-31T06:59:40.764Z level=INFO msg="forwarding Responses request" request_id=166
hpatch-1  | time=2026-07-31T06:59:47.245Z level=INFO msg="Responses request finished" request_id=166 session_id=019fb6f1-a495-7a80-b6f9-8bbb2ae174da outcome=completed failure_phase="" response_started=true upstream_status_code=200 upstream_terminal_state=completed request_duration=6.498194638s upstream_execution_duration=6.48036032s usage_observed=true
hpatch-1  | time=2026-07-31T06:59:47.292Z level=INFO msg="forwarding Responses request" request_id=167
hpatch-1  | time=2026-07-31T06:59:51.428Z level=INFO msg="Responses request finished" request_id=167 session_id=019fb6f1-a495-7a80-b6f9-8bbb2ae174da outcome=completed failure_phase="" response_started=true upstream_status_code=200 upstream_terminal_state=completed request_duration=4.148508476s upstream_execution_duration=4.136457724s usage_observed=true
hpatch-1  | time=2026-07-31T06:59:51.484Z level=INFO msg="forwarding Responses request" request_id=168
hpatch-1  | time=2026-07-31T07:00:15.601Z level=INFO msg="Responses request finished" request_id=168 session_id=019fb6f1-a495-7a80-b6f9-8bbb2ae174da outcome=completed failure_phase="" response_started=true upstream_status_code=200 upstream_terminal_state=completed request_duration=24.128846789s upstream_execution_duration=24.116667717s usage_observed=true
hpatch-1  | time=2026-07-31T07:00:16.765Z level=INFO msg="forwarding Responses request" request_id=169
hpatch-1  | time=2026-07-31T07:00:22.417Z level=INFO msg="Responses request finished" request_id=169 session_id=019fb6f1-a495-7a80-b6f9-8bbb2ae174da outcome=completed failure_phase="" response_started=true upstream_status_code=200 upstream_terminal_state=completed request_duration=5.667850049s upstream_execution_duration=5.651316125s usage_observed=true
hpatch-1  | time=2026-07-31T07:00:22.470Z level=INFO msg="forwarding Responses request" request_id=170
hpatch-1  | time=2026-07-31T07:00:34.168Z level=INFO msg="Responses request finished" request_id=170 session_id=019fb6f1-a495-7a80-b6f9-8bbb2ae174da outcome=completed failure_phase="" response_started=true upstream_status_code=200 upstream_terminal_state=completed request_duration=11.710047417s upstream_execution_duration=11.698146569s usage_observed=true
